// Vitest Snapshot v1, https://vitest.dev/guide/snapshot.html

exports[`Ninja static css > should match the current snapshot 1`] = `""`;
